<html><body><p>DeBuG!</p><p>
<ul>
<li>dStream: dStream enables you to get information, consistently in the same time by delivering premium image quality with digital clarity and speed.*</li>
<li>Advanced MR: From routine studies to emerging applications Ingenia's explorative tools and advanced diagnostic solutions increase the imaging capabilities of MR by addressing the major healthcare trends in neurology, oncology and cardiology.</li>
</ul>
</p></body>/html>